// Vitest Snapshot v1, https://vitest.dev/guide/snapshot.html

exports[`app > render 1`] = `
<div>
  <div
    class="text-center"
  >
    <h1
      class="font-semibold text-4xl"
    >
      Welcome to Ripple!
    </h1>
    <div
      class="p-12"
    >
      <div>
        My Ripple Lib!
      </div>
      <!---->
    </div>
  </div>
  
</div>
`;
